# parkagent signal log v2
# SYNTHESIZED by ios/Fixtures/make-traces.py, not recorded: an underground
# garage entered at a crawl, GPS lost 8 m inside the entrance, parked two
# levels down, the driver climbing 7 m to the street. See garage-underground.truth.json.
2026-09-28T14:00:00.000Z armed arm
2026-09-28T14:00:00.000Z wake arm
2026-09-28T14:00:00.000Z tracking_started arm
2026-09-28T14:00:00.000Z motion automotive high
2026-09-28T14:00:01.000Z location_fix 42.353558,-71.082000 ±5m 10.0m/s
2026-09-28T14:00:02.000Z location_fix 42.353468,-71.082000 ±5m 10.0m/s
2026-09-28T14:00:03.000Z location_fix 42.353378,-71.082000 ±5m 10.0m/s
2026-09-28T14:00:04.000Z location_fix 42.353288,-71.082000 ±5m 10.0m/s
2026-09-28T14:00:05.000Z location_fix 42.353198,-71.082000 ±5m 10.0m/s
2026-09-28T14:00:06.000Z location_fix 42.353109,-71.082000 ±5m 10.0m/s
2026-09-28T14:00:07.000Z location_fix 42.353019,-71.082000 ±5m 10.0m/s
2026-09-28T14:00:08.000Z location_fix 42.352929,-71.082000 ±5m 10.0m/s
2026-09-28T14:00:09.000Z location_fix 42.352839,-71.082000 ±5m 10.0m/s
2026-09-28T14:00:10.000Z location_fix 42.352749,-71.082000 ±5m 10.0m/s
2026-09-28T14:00:11.000Z location_fix 42.352659,-71.082000 ±5m 10.0m/s
2026-09-28T14:00:12.000Z location_fix 42.352570,-71.082000 ±5m 10.0m/s
2026-09-28T14:00:13.000Z location_fix 42.352480,-71.082000 ±5m 10.0m/s
2026-09-28T14:00:14.000Z location_fix 42.352390,-71.082000 ±5m 10.0m/s
2026-09-28T14:00:15.000Z location_fix 42.352300,-71.082000 ±5m 10.0m/s
2026-09-28T14:00:16.000Z location_fix 42.352210,-71.082000 ±5m 10.0m/s
2026-09-28T14:00:17.000Z location_fix 42.352120,-71.082000 ±5m 10.0m/s
2026-09-28T14:00:18.000Z location_fix 42.352031,-71.082000 ±5m 10.0m/s
2026-09-28T14:00:19.000Z location_fix 42.351941,-71.082000 ±5m 10.0m/s
2026-09-28T14:00:20.000Z motion automotive high
2026-09-28T14:00:20.000Z location_fix 42.351851,-71.082000 ±5m 10.0m/s
2026-09-28T14:00:21.000Z location_fix 42.351761,-71.082000 ±5m 10.0m/s
2026-09-28T14:00:22.000Z location_fix 42.351671,-71.082000 ±5m 10.0m/s
2026-09-28T14:00:23.000Z location_fix 42.351581,-71.082000 ±5m 10.0m/s
2026-09-28T14:00:24.000Z location_fix 42.351492,-71.082000 ±5m 10.0m/s
2026-09-28T14:00:25.000Z location_fix 42.351402,-71.082000 ±5m 10.0m/s
2026-09-28T14:00:26.000Z location_fix 42.351312,-71.082000 ±5m 10.0m/s
2026-09-28T14:00:27.000Z location_fix 42.351222,-71.082000 ±5m 10.0m/s
2026-09-28T14:00:28.000Z location_fix 42.351132,-71.082000 ±5m 10.0m/s
2026-09-28T14:00:29.000Z location_fix 42.351042,-71.082000 ±5m 10.0m/s
2026-09-28T14:00:30.000Z location_fix 42.350953,-71.082000 ±5m 10.0m/s
2026-09-28T14:00:31.000Z location_fix 42.350863,-71.082000 ±5m 10.0m/s
2026-09-28T14:00:32.000Z location_fix 42.350773,-71.082000 ±5m 10.0m/s
2026-09-28T14:00:33.000Z location_fix 42.350683,-71.082000 ±5m 10.0m/s
2026-09-28T14:00:34.000Z location_fix 42.350593,-71.082000 ±5m 10.0m/s
2026-09-28T14:00:35.000Z location_fix 42.350503,-71.082000 ±5m 10.0m/s
2026-09-28T14:00:36.000Z location_fix 42.350414,-71.082000 ±5m 10.0m/s
2026-09-28T14:00:37.000Z location_fix 42.350324,-71.082000 ±5m 10.0m/s
2026-09-28T14:00:38.000Z location_fix 42.350234,-71.082000 ±5m 10.0m/s
2026-09-28T14:00:39.000Z location_fix 42.350144,-71.082000 ±5m 10.0m/s
2026-09-28T14:00:40.000Z motion automotive high
2026-09-28T14:00:40.000Z location_fix 42.350054,-71.082000 ±5m 10.0m/s
2026-09-28T14:00:41.000Z location_fix 42.349964,-71.082000 ±5m 10.0m/s
2026-09-28T14:00:42.000Z location_fix 42.349875,-71.082000 ±5m 10.0m/s
2026-09-28T14:00:43.000Z location_fix 42.349785,-71.082000 ±5m 10.0m/s
2026-09-28T14:00:44.000Z location_fix 42.349695,-71.082000 ±5m 10.0m/s
2026-09-28T14:00:45.000Z location_fix 42.349605,-71.082000 ±5m 10.0m/s
2026-09-28T14:00:46.000Z location_fix 42.349515,-71.082000 ±5m 10.0m/s
2026-09-28T14:00:47.000Z location_fix 42.349425,-71.082000 ±5m 10.0m/s
2026-09-28T14:00:48.000Z location_fix 42.349336,-71.082000 ±5m 10.0m/s
2026-09-28T14:00:49.000Z location_fix 42.349246,-71.082000 ±5m 10.0m/s
2026-09-28T14:00:50.000Z location_fix 42.349156,-71.082000 ±5m 10.0m/s
2026-09-28T14:00:51.000Z location_fix 42.349066,-71.082000 ±5m 10.0m/s
2026-09-28T14:00:52.000Z location_fix 42.348976,-71.082000 ±5m 10.0m/s
2026-09-28T14:00:53.000Z location_fix 42.348886,-71.082000 ±5m 10.0m/s
2026-09-28T14:00:54.000Z location_fix 42.348797,-71.082000 ±5m 10.0m/s
2026-09-28T14:00:55.000Z location_fix 42.348707,-71.082000 ±5m 10.0m/s
2026-09-28T14:00:56.000Z location_fix 42.348276,-71.082000 ±6m 3.0m/s
2026-09-28T14:00:57.000Z location_fix 42.348249,-71.082000 ±6m 3.0m/s
2026-09-28T14:00:58.000Z location_fix 42.348222,-71.082000 ±6m 3.0m/s
2026-09-28T14:00:59.000Z location_fix 42.348195,-71.082000 ±6m 3.0m/s
2026-09-28T14:01:00.000Z motion automotive high
2026-09-28T14:01:00.000Z location_fix 42.348168,-71.082000 ±6m 3.0m/s
2026-09-28T14:01:01.000Z location_fix 42.348141,-71.082000 ±6m 3.0m/s
2026-09-28T14:01:02.000Z location_fix 42.348114,-71.082000 ±6m 3.0m/s
2026-09-28T14:01:03.000Z location_fix 42.348087,-71.082000 ±6m 3.0m/s
2026-09-28T14:01:04.000Z location_fix 42.348060,-71.082000 ±6m 3.0m/s
2026-09-28T14:01:05.000Z location_fix 42.348033,-71.082000 ±6m 3.0m/s
2026-09-28T14:01:06.000Z location_fix 42.348006,-71.082000 ±6m 3.0m/s
2026-09-28T14:01:07.000Z location_fix 42.347979,-71.082000 ±6m 3.0m/s
2026-09-28T14:01:08.000Z location_fix 42.347952,-71.082000 ±6m 3.0m/s
2026-09-28T14:01:09.000Z location_fix 42.347925,-71.082000 ±6m 3.0m/s
2026-09-28T14:01:10.000Z location_fix 42.347898,-71.082000 ±6m 3.0m/s
2026-09-28T14:01:11.000Z location_fix 42.347871,-71.082000 ±6m 3.0m/s
2026-09-28T14:01:12.000Z location_fix 42.347844,-71.082000 ±6m 3.0m/s
2026-09-28T14:01:13.000Z location_fix 42.347817,-71.082000 ±6m 3.0m/s
2026-09-28T14:01:14.000Z location_fix 42.347791,-71.082000 ±6m 3.0m/s
2026-09-28T14:01:15.000Z location_fix 42.347764,-71.082000 ±6m 3.0m/s
2026-09-28T14:01:16.000Z location_fix 42.347737,-71.082000 ±6m 3.0m/s
2026-09-28T14:01:17.000Z location_fix 42.347710,-71.082000 ±6m 3.0m/s
2026-09-28T14:01:18.000Z location_fix 42.347683,-71.082000 ±6m 3.0m/s
2026-09-28T14:01:19.000Z location_fix 42.347656,-71.082000 ±6m 3.0m/s
2026-09-28T14:01:20.000Z motion automotive high
2026-09-28T14:01:20.000Z location_fix 42.347629,-71.082000 ±6m 3.0m/s
2026-09-28T14:01:21.000Z location_fix 42.347602,-71.082000 ±6m 3.0m/s
2026-09-28T14:01:22.000Z location_fix 42.347575,-71.082000 ±6m 3.0m/s
2026-09-28T14:01:23.000Z location_fix 42.347548,-71.082000 ±6m 3.0m/s
2026-09-28T14:01:24.000Z location_fix 42.347521,-71.082000 ±6m 3.0m/s
2026-09-28T14:01:25.000Z location_fix 42.347494,-71.082000 ±6m 3.0m/s
2026-09-28T14:01:26.000Z location_fix 42.347467,-71.082000 ±6m 3.0m/s
2026-09-28T14:01:27.000Z location_fix 42.347440,-71.082000 ±6m 3.0m/s
2026-09-28T14:01:28.000Z location_fix 42.347413,-71.082000 ±6m 3.0m/s
2026-09-28T14:01:29.000Z location_fix 42.347386,-71.082000 ±6m 3.0m/s
2026-09-28T14:01:30.000Z location_fix 42.347359,-71.082000 ±6m 3.0m/s
2026-09-28T14:01:31.000Z location_fix 42.347332,-71.082000 ±6m 3.0m/s
2026-09-28T14:01:32.000Z location_fix 42.347305,-71.082000 ±6m 3.0m/s
2026-09-28T14:01:33.000Z location_fix 42.347278,-71.082000 ±6m 3.0m/s
2026-09-28T14:01:34.000Z location_fix 42.347252,-71.082000 ±6m 3.0m/s
2026-09-28T14:01:35.000Z location_fix 42.347225,-71.082000 ±6m 3.0m/s
2026-09-28T14:01:36.000Z location_fix 42.347198,-71.082000 ±9m 2.6m/s
2026-09-28T14:01:37.000Z location_fix 42.347135,-71.082000 ±180m
2026-09-28T14:01:38.000Z location_fix 42.347090,-71.082000 ±1414m
2026-09-28T14:01:40.000Z motion automotive high
2026-09-28T14:02:00.000Z motion automotive high
2026-09-28T14:02:11.000Z motion stationary high
2026-09-28T14:02:11.000Z altitude 0.00m 101.3000kPa
2026-09-28T14:02:12.000Z altitude 0.00m 101.3000kPa
2026-09-28T14:02:13.000Z altitude 0.00m 101.3000kPa
2026-09-28T14:02:14.000Z altitude 0.00m 101.3000kPa
2026-09-28T14:02:15.000Z fix_rejected coarse 42.346910,-71.082000 ±1414m
2026-09-28T14:02:15.000Z altitude 0.00m 101.3000kPa
2026-09-28T14:02:16.000Z altitude 0.00m 101.3000kPa
2026-09-28T14:02:17.000Z altitude 0.00m 101.3000kPa
2026-09-28T14:02:18.000Z altitude 0.00m 101.3000kPa
2026-09-28T14:02:19.000Z audio_disconnect bluetooth
2026-09-28T14:02:19.000Z altitude 0.00m 101.3000kPa
2026-09-28T14:02:20.000Z altitude -5.00m 101.3600kPa
2026-09-28T14:02:21.000Z altitude 0.00m 101.3000kPa
2026-09-28T14:02:22.000Z altitude 0.00m 101.3000kPa
2026-09-28T14:02:23.000Z altitude 0.00m 101.3000kPa
2026-09-28T14:02:24.000Z altitude 0.00m 101.3000kPa
2026-09-28T14:02:25.000Z altitude 0.00m 101.3000kPa
2026-09-28T14:02:26.000Z altitude 0.00m 101.3000kPa
2026-09-28T14:02:27.000Z altitude 0.00m 101.3000kPa
2026-09-28T14:02:28.000Z altitude 0.00m 101.3000kPa
2026-09-28T14:02:29.000Z altitude 0.00m 101.3000kPa
2026-09-28T14:02:30.000Z fix_rejected coarse 42.346910,-71.082000 ±1414m
2026-09-28T14:02:30.000Z altitude 0.00m 101.3000kPa
2026-09-28T14:02:31.000Z altitude 0.00m 101.3000kPa
2026-09-28T14:02:32.000Z altitude 0.00m 101.3000kPa
2026-09-28T14:02:33.000Z altitude 0.00m 101.3000kPa
2026-09-28T14:02:34.000Z altitude 0.00m 101.3000kPa
2026-09-28T14:02:35.000Z altitude 0.00m 101.3000kPa
2026-09-28T14:02:36.000Z altitude 0.00m 101.3000kPa
2026-09-28T14:02:37.000Z altitude 0.00m 101.3000kPa
2026-09-28T14:02:38.000Z altitude 0.00m 101.3000kPa
2026-09-28T14:02:39.000Z altitude 0.00m 101.3000kPa
2026-09-28T14:02:40.000Z altitude 0.00m 101.3000kPa
2026-09-28T14:02:41.000Z altitude 0.00m 101.3000kPa
2026-09-28T14:02:42.000Z altitude 0.00m 101.3000kPa
2026-09-28T14:02:43.000Z altitude 0.00m 101.3000kPa
2026-09-28T14:02:44.000Z altitude 0.00m 101.3000kPa
2026-09-28T14:02:45.000Z motion walking high
2026-09-28T14:02:45.000Z altitude 0.00m 101.3000kPa
2026-09-28T14:02:46.000Z altitude 0.00m 101.3000kPa
2026-09-28T14:02:47.000Z altitude 0.00m 101.3000kPa
2026-09-28T14:02:48.000Z altitude 0.00m 101.3000kPa
2026-09-28T14:02:49.000Z altitude 0.00m 101.3000kPa
2026-09-28T14:02:50.000Z altitude 0.00m 101.3000kPa
2026-09-28T14:02:51.000Z altitude 0.00m 101.3000kPa
2026-09-28T14:02:52.000Z altitude 0.00m 101.3000kPa
2026-09-28T14:02:53.000Z altitude 0.00m 101.3000kPa
2026-09-28T14:02:54.000Z altitude 0.00m 101.3000kPa
2026-09-28T14:02:55.000Z altitude 0.00m 101.3000kPa
2026-09-28T14:02:56.000Z altitude 0.00m 101.3000kPa
2026-09-28T14:02:57.000Z altitude 0.00m 101.3000kPa
2026-09-28T14:02:58.000Z altitude 0.00m 101.3000kPa
2026-09-28T14:02:59.000Z altitude 0.00m 101.3000kPa
2026-09-28T14:03:00.000Z altitude 0.00m 101.3000kPa
2026-09-28T14:03:01.000Z altitude 0.00m 101.3000kPa
2026-09-28T14:03:02.000Z altitude 0.00m 101.3000kPa
2026-09-28T14:03:03.000Z altitude 0.00m 101.3000kPa
2026-09-28T14:03:04.000Z altitude 0.00m 101.3000kPa
2026-09-28T14:03:05.000Z altitude 0.00m 101.3000kPa
2026-09-28T14:03:06.000Z altitude 0.23m 101.2972kPa
2026-09-28T14:03:07.000Z altitude 0.47m 101.2944kPa
2026-09-28T14:03:08.000Z altitude 0.70m 101.2916kPa
2026-09-28T14:03:09.000Z altitude 0.93m 101.2888kPa
2026-09-28T14:03:10.000Z altitude 1.17m 101.2860kPa
2026-09-28T14:03:11.000Z altitude 1.40m 101.2832kPa
2026-09-28T14:03:12.000Z altitude 1.63m 101.2804kPa
2026-09-28T14:03:13.000Z altitude 1.87m 101.2776kPa
2026-09-28T14:03:14.000Z altitude 2.10m 101.2748kPa
2026-09-28T14:03:15.000Z altitude 2.33m 101.2720kPa
2026-09-28T14:03:16.000Z altitude 2.57m 101.2692kPa
2026-09-28T14:03:17.000Z altitude 2.80m 101.2664kPa
2026-09-28T14:03:18.000Z altitude 3.03m 101.2636kPa
2026-09-28T14:03:19.000Z altitude 3.27m 101.2608kPa
2026-09-28T14:03:20.000Z altitude 3.50m 101.2580kPa
2026-09-28T14:03:21.000Z altitude 3.73m 101.2552kPa
2026-09-28T14:03:22.000Z altitude 3.97m 101.2524kPa
2026-09-28T14:03:23.000Z altitude 4.20m 101.2496kPa
2026-09-28T14:03:24.000Z altitude 4.43m 101.2468kPa
2026-09-28T14:03:25.000Z altitude 4.67m 101.2440kPa
2026-09-28T14:03:26.000Z altitude 4.90m 101.2412kPa
2026-09-28T14:03:27.000Z altitude 5.13m 101.2384kPa
2026-09-28T14:03:28.000Z altitude 5.37m 101.2356kPa
2026-09-28T14:03:29.000Z altitude 5.60m 101.2328kPa
2026-09-28T14:03:30.000Z altitude 5.83m 101.2300kPa
2026-09-28T14:03:31.000Z altitude 6.07m 101.2272kPa
2026-09-28T14:03:32.000Z altitude 6.30m 101.2244kPa
2026-09-28T14:03:33.000Z altitude 6.53m 101.2216kPa
2026-09-28T14:03:34.000Z altitude 6.77m 101.2188kPa
2026-09-28T14:03:35.000Z altitude 7.00m 101.2160kPa
2026-09-28T14:03:36.000Z altitude 7.00m 101.2160kPa
2026-09-28T14:03:37.000Z altitude 7.00m 101.2160kPa
2026-09-28T14:03:38.000Z altitude 7.00m 101.2160kPa
2026-09-28T14:03:39.000Z altitude 7.00m 101.2160kPa
2026-09-28T14:03:40.000Z altitude 7.00m 101.2160kPa
2026-09-28T14:03:41.000Z altitude 7.00m 101.2160kPa
2026-09-28T14:03:42.000Z altitude 7.00m 101.2160kPa
2026-09-28T14:03:43.000Z altitude 7.00m 101.2160kPa
2026-09-28T14:03:44.000Z altitude 7.00m 101.2160kPa
2026-09-28T14:03:45.000Z altitude 7.00m 101.2160kPa
2026-09-28T14:03:46.000Z altitude 7.00m 101.2160kPa
2026-09-28T14:03:47.000Z altitude 7.00m 101.2160kPa
2026-09-28T14:03:48.000Z altitude 7.00m 101.2160kPa
2026-09-28T14:03:48.000Z location_fix 42.347629,-71.082000 ±8m 1.3m/s
2026-09-28T14:03:49.000Z altitude 7.00m 101.2160kPa
2026-09-28T14:03:50.000Z altitude 7.00m 101.2160kPa
2026-09-28T14:03:50.000Z location_fix 42.347656,-71.082000 ±7m 1.3m/s
