# parkagent signal log v2
# SYNTHESIZED by ios/Fixtures/make-traces.py, not recorded: a home driveway
# the driver has confirmed as Home three times. See home-driveway.truth.json.
2026-09-28T22:30:00.000Z wake significantChange
2026-09-28T22:30:00.000Z tracking_started significantChange
2026-09-28T22:30:00.000Z motion automotive high
2026-09-28T22:30:01.000Z location_fix 42.356407,-71.095000 ±5m 9.0m/s
2026-09-28T22:30:02.000Z location_fix 42.356488,-71.095000 ±5m 9.0m/s
2026-09-28T22:30:03.000Z location_fix 42.356568,-71.095000 ±5m 9.0m/s
2026-09-28T22:30:04.000Z location_fix 42.356649,-71.095000 ±5m 9.0m/s
2026-09-28T22:30:05.000Z location_fix 42.356730,-71.095000 ±5m 9.0m/s
2026-09-28T22:30:06.000Z location_fix 42.356811,-71.095000 ±5m 9.0m/s
2026-09-28T22:30:07.000Z location_fix 42.356892,-71.095000 ±5m 9.0m/s
2026-09-28T22:30:08.000Z location_fix 42.356973,-71.095000 ±5m 9.0m/s
2026-09-28T22:30:09.000Z location_fix 42.357054,-71.095000 ±5m 9.0m/s
2026-09-28T22:30:10.000Z location_fix 42.357134,-71.095000 ±5m 9.0m/s
2026-09-28T22:30:11.000Z location_fix 42.357215,-71.095000 ±5m 9.0m/s
2026-09-28T22:30:12.000Z location_fix 42.357296,-71.095000 ±5m 9.0m/s
2026-09-28T22:30:13.000Z location_fix 42.357377,-71.095000 ±5m 9.0m/s
2026-09-28T22:30:14.000Z location_fix 42.357458,-71.095000 ±5m 9.0m/s
2026-09-28T22:30:15.000Z location_fix 42.357539,-71.095000 ±5m 9.0m/s
2026-09-28T22:30:16.000Z location_fix 42.357619,-71.095000 ±5m 9.0m/s
2026-09-28T22:30:17.000Z location_fix 42.357700,-71.095000 ±5m 9.0m/s
2026-09-28T22:30:18.000Z location_fix 42.357781,-71.095000 ±5m 9.0m/s
2026-09-28T22:30:19.000Z location_fix 42.357862,-71.095000 ±5m 9.0m/s
2026-09-28T22:30:20.000Z motion automotive high
2026-09-28T22:30:20.000Z location_fix 42.357943,-71.095000 ±5m 9.0m/s
2026-09-28T22:30:21.000Z location_fix 42.358024,-71.095000 ±5m 9.0m/s
2026-09-28T22:30:22.000Z location_fix 42.358105,-71.095000 ±5m 9.0m/s
2026-09-28T22:30:23.000Z location_fix 42.358185,-71.095000 ±5m 9.0m/s
2026-09-28T22:30:24.000Z location_fix 42.358266,-71.095000 ±5m 9.0m/s
2026-09-28T22:30:25.000Z location_fix 42.358347,-71.095000 ±5m 9.0m/s
2026-09-28T22:30:26.000Z location_fix 42.358428,-71.095000 ±5m 9.0m/s
2026-09-28T22:30:27.000Z location_fix 42.358509,-71.095000 ±5m 9.0m/s
2026-09-28T22:30:28.000Z location_fix 42.358590,-71.095000 ±5m 9.0m/s
2026-09-28T22:30:29.000Z location_fix 42.358670,-71.095000 ±5m 9.0m/s
2026-09-28T22:30:30.000Z location_fix 42.358751,-71.095000 ±5m 9.0m/s
2026-09-28T22:30:31.000Z location_fix 42.358832,-71.095000 ±5m 9.0m/s
2026-09-28T22:30:32.000Z location_fix 42.358913,-71.095000 ±5m 9.0m/s
2026-09-28T22:30:33.000Z location_fix 42.358994,-71.095000 ±5m 9.0m/s
2026-09-28T22:30:34.000Z location_fix 42.359075,-71.095000 ±5m 9.0m/s
2026-09-28T22:30:35.000Z location_fix 42.359156,-71.095000 ±5m 9.0m/s
2026-09-28T22:30:36.000Z location_fix 42.359236,-71.095000 ±5m 9.0m/s
2026-09-28T22:30:37.000Z location_fix 42.359317,-71.095000 ±5m 9.0m/s
2026-09-28T22:30:38.000Z location_fix 42.359398,-71.095000 ±5m 9.0m/s
2026-09-28T22:30:39.000Z location_fix 42.359479,-71.095000 ±5m 9.0m/s
2026-09-28T22:30:40.000Z motion automotive high
2026-09-28T22:30:40.000Z location_fix 42.359560,-71.095000 ±5m 9.0m/s
2026-09-28T22:30:41.000Z location_fix 42.359641,-71.095000 ±5m 9.0m/s
2026-09-28T22:30:42.000Z location_fix 42.359722,-71.095000 ±5m 9.0m/s
2026-09-28T22:30:43.000Z location_fix 42.359802,-71.095000 ±5m 9.0m/s
2026-09-28T22:30:44.000Z location_fix 42.359883,-71.095000 ±5m 9.0m/s
2026-09-28T22:30:45.000Z location_fix 42.359892,-71.095000 ±5m 1.5m/s
2026-09-28T22:30:46.000Z location_fix 42.359906,-71.094982 ±5m 1.5m/s
2026-09-28T22:30:47.000Z location_fix 42.359919,-71.094964 ±5m 1.5m/s
2026-09-28T22:30:48.000Z location_fix 42.359933,-71.094945 ±5m 1.5m/s
2026-09-28T22:30:49.000Z location_fix 42.359946,-71.094927 ±5m 1.5m/s
2026-09-28T22:30:50.000Z location_fix 42.359960,-71.094909 ±5m 1.5m/s
2026-09-28T22:30:51.000Z location_fix 42.359973,-71.094891 ±5m 1.5m/s
2026-09-28T22:30:52.000Z location_fix 42.359987,-71.094872 ±5m 1.5m/s
2026-09-28T22:30:53.000Z location_fix 42.360000,-71.094854 ±5m 1.5m/s
2026-09-28T22:30:54.000Z motion stationary high
2026-09-28T22:30:54.000Z location_fix 42.360000,-71.094854 ±5m 0.0m/s
2026-09-28T22:30:55.000Z location_fix 42.360000,-71.094854 ±5m 0.0m/s
2026-09-28T22:30:56.000Z location_fix 42.360000,-71.094854 ±5m 0.0m/s
2026-09-28T22:30:57.000Z location_fix 42.360000,-71.094854 ±5m 0.0m/s
2026-09-28T22:30:58.000Z location_fix 42.360000,-71.094854 ±5m 0.0m/s
2026-09-28T22:31:00.000Z audio_disconnect bluetooth
2026-09-28T22:31:12.000Z motion walking high
2026-09-28T22:31:17.000Z location_fix 42.360036,-71.094951 ±6m 1.2m/s
