# parkagent signal log v2
# Recorded 2026-09-26 by DetectorUITests in the iPhone 17 Pro simulator (iOS 26.5):
# ios/Fixtures/drive-park-walk.gpx through the real detector, motion derived
# from the route's speed (-detectorSimulation). Replace with a phone's log
# after the first field drive (Diagnostics -> Export signal log).
2026-09-26T00:42:52.748Z armed arm
2026-09-26T00:42:53.094Z wake arm
2026-09-26T00:42:53.095Z tracking_started arm
2026-09-26T00:42:53.099Z location_fix 37.785834,-122.406417 ±5m age=3152s
2026-09-26T00:42:53.110Z motion automotive high
2026-09-26T00:42:52.719Z motion_driving
2026-09-26T00:42:53.114Z location_fix 42.352085,-71.070019 ±5m
2026-09-26T00:42:55.312Z location_fix 42.352085,-71.070019 ±5m
2026-09-26T00:42:56.329Z location_fix 42.352054,-71.070134 ±5m
2026-09-26T00:42:57.336Z location_fix 42.352023,-71.070248 ±5m
2026-09-26T00:42:58.338Z location_fix 42.351992,-71.070362 ±5m
2026-09-26T00:42:59.344Z location_fix 42.351961,-71.070476 ±5m
2026-09-26T00:43:00.349Z location_fix 42.351930,-71.070590 ±5m
2026-09-26T00:43:01.362Z location_fix 42.351899,-71.070705 ±5m
2026-09-26T00:43:02.362Z location_fix 42.351868,-71.070819 ±5m
2026-09-26T00:43:03.365Z location_fix 42.351837,-71.070933 ±5m
2026-09-26T00:43:04.371Z location_fix 42.351806,-71.071047 ±5m
2026-09-26T00:43:05.378Z location_fix 42.351775,-71.071161 ±5m
2026-09-26T00:43:06.388Z location_fix 42.351744,-71.071276 ±5m
2026-09-26T00:43:07.396Z location_fix 42.351713,-71.071390 ±5m
2026-09-26T00:43:08.402Z location_fix 42.351682,-71.071504 ±5m
2026-09-26T00:43:09.406Z location_fix 42.351651,-71.071618 ±5m
2026-09-26T00:43:10.413Z location_fix 42.351620,-71.071732 ±5m
2026-09-26T00:43:11.423Z location_fix 42.351589,-71.071846 ±5m
2026-09-26T00:43:12.425Z location_fix 42.351558,-71.071961 ±5m
2026-09-26T00:43:13.427Z location_fix 42.351527,-71.072075 ±5m
2026-09-26T00:43:14.440Z location_fix 42.351496,-71.072189 ±5m
2026-09-26T00:43:15.442Z location_fix 42.351464,-71.072303 ±5m
2026-09-26T00:43:16.453Z location_fix 42.351466,-71.072303 ±5m
2026-09-26T00:43:17.461Z location_fix 42.351464,-71.072303 ±5m
2026-09-26T00:43:18.462Z location_fix 42.351466,-71.072303 ±5m
2026-09-26T00:43:19.468Z motion stationary high
2026-09-26T00:43:16.450Z location_settled 42.351466,-71.072303 ±5m
2026-09-26T00:43:19.465Z burst_started
2026-09-26T00:43:19.465Z motion_stop
2026-09-26T00:43:19.465Z burst_stopped
2026-09-26T00:43:19.484Z location_fix 42.351464,-71.072303 ±5m
2026-09-26T00:43:20.480Z location_fix 42.351466,-71.072303 ±5m
2026-09-26T00:43:21.484Z location_fix 42.351464,-71.072303 ±5m
2026-09-26T00:43:22.495Z location_fix 42.351466,-71.072303 ±5m
2026-09-26T00:43:23.506Z location_fix 42.351464,-71.072303 ±5m
2026-09-26T00:43:24.516Z location_fix 42.351466,-71.072303 ±5m
2026-09-26T00:43:25.526Z location_fix 42.351464,-71.072303 ±5m
2026-09-26T00:43:26.534Z location_fix 42.351466,-71.072303 ±5m
2026-09-26T00:43:27.545Z location_fix 42.351464,-71.072303 ±5m
2026-09-26T00:43:28.553Z location_fix 42.351466,-71.072303 ±5m
2026-09-26T00:43:29.564Z location_fix 42.351464,-71.072303 ±5m
2026-09-26T00:43:30.568Z location_fix 42.351466,-71.072303 ±5m
2026-09-26T00:43:31.577Z location_fix 42.351464,-71.072303 ±5m
2026-09-26T00:43:32.584Z location_fix 42.351466,-71.072303 ±5m
2026-09-26T00:43:33.596Z location_fix 42.351464,-71.072303 ±5m
2026-09-26T00:43:34.596Z location_fix 42.351466,-71.072303 ±5m
2026-09-26T00:43:35.608Z location_fix 42.351464,-71.072303 ±5m
2026-09-26T00:43:36.612Z location_fix 42.351466,-71.072303 ±5m
2026-09-26T00:43:37.616Z location_fix 42.351464,-71.072303 ±5m
2026-09-26T00:43:38.626Z location_fix 42.351466,-71.072303 ±5m
2026-09-26T00:43:39.636Z location_fix 42.351464,-71.072303 ±5m
2026-09-26T00:43:40.645Z location_fix 42.351466,-71.072303 ±5m
2026-09-26T00:43:41.656Z location_fix 42.351464,-71.072303 ±5m
2026-09-26T00:43:42.661Z location_fix 42.351466,-71.072303 ±5m
2026-09-26T00:43:43.669Z location_fix 42.351464,-71.072303 ±5m
2026-09-26T00:43:44.677Z location_fix 42.351466,-71.072303 ±5m
2026-09-26T00:43:45.688Z location_fix 42.351465,-71.072303 ±5m
2026-09-26T00:43:46.690Z motion automotive high
2026-09-26T00:43:46.688Z motion_driving
2026-09-26T00:43:46.688Z driving_resumed_cleared
2026-09-26T00:43:46.693Z location_fix 42.351434,-71.072417 ±5m
2026-09-26T00:43:47.701Z location_fix 42.351403,-71.072532 ±5m
2026-09-26T00:43:48.708Z location_fix 42.351372,-71.072646 ±5m
2026-09-26T00:43:49.716Z location_fix 42.351341,-71.072760 ±5m
2026-09-26T00:43:50.722Z location_fix 42.351310,-71.072874 ±5m
2026-09-26T00:43:51.747Z location_fix 42.351279,-71.072988 ±5m
2026-09-26T00:43:52.760Z location_fix 42.351248,-71.073103 ±5m
2026-09-26T00:43:53.768Z location_fix 42.351217,-71.073217 ±5m
2026-09-26T00:43:54.778Z location_fix 42.351186,-71.073331 ±5m
2026-09-26T00:43:55.780Z location_fix 42.351155,-71.073445 ±5m
2026-09-26T00:43:56.795Z location_fix 42.351124,-71.073559 ±5m
2026-09-26T00:43:57.805Z location_fix 42.351093,-71.073674 ±5m
2026-09-26T00:43:58.811Z location_fix 42.351062,-71.073788 ±5m
2026-09-26T00:43:59.821Z location_fix 42.351031,-71.073902 ±5m
2026-09-26T00:44:00.830Z location_fix 42.351000,-71.074016 ±5m
2026-09-26T00:44:01.831Z location_fix 42.350969,-71.074130 ±5m
2026-09-26T00:44:02.832Z location_fix 42.350938,-71.074245 ±5m
2026-09-26T00:44:03.835Z location_fix 42.350907,-71.074359 ±5m
2026-09-26T00:44:04.844Z location_fix 42.350876,-71.074473 ±5m
2026-09-26T00:44:05.851Z location_fix 42.350845,-71.074587 ±5m
2026-09-26T00:44:06.859Z location_fix 42.350814,-71.074701 ±5m
2026-09-26T00:44:07.861Z location_fix 42.350783,-71.074815 ±5m
2026-09-26T00:44:08.872Z location_fix 42.350752,-71.074930 ±5m
2026-09-26T00:44:09.873Z location_fix 42.350721,-71.075044 ±5m
2026-09-26T00:44:10.872Z location_fix 42.350690,-71.075158 ±5m
2026-09-26T00:44:11.877Z location_fix 42.350659,-71.075272 ±5m
2026-09-26T00:44:12.887Z location_fix 42.350628,-71.075386 ±5m
2026-09-26T00:44:13.898Z location_fix 42.350597,-71.075501 ±5m
2026-09-26T00:44:14.908Z location_fix 42.350566,-71.075615 ±5m
2026-09-26T00:44:15.906Z location_fix 42.350535,-71.075729 ±5m
2026-09-26T00:44:16.908Z location_fix 42.350504,-71.075843 ±5m
2026-09-26T00:44:17.910Z location_fix 42.350473,-71.075957 ±5m
2026-09-26T00:44:18.922Z location_fix 42.350442,-71.076072 ±5m
2026-09-26T00:44:19.927Z location_fix 42.350411,-71.076186 ±5m
2026-09-26T00:44:20.929Z location_fix 42.350381,-71.076300 ±5m
2026-09-26T00:44:21.929Z location_fix 42.350379,-71.076300 ±5m
2026-09-26T00:44:22.943Z location_fix 42.350381,-71.076300 ±5m
2026-09-26T00:44:23.949Z location_fix 42.350379,-71.076300 ±5m
2026-09-26T00:44:24.959Z motion stationary high
2026-09-26T00:44:21.928Z location_settled 42.350379,-71.076300 ±5m
2026-09-26T00:44:24.957Z burst_started
2026-09-26T00:44:24.957Z motion_stop
2026-09-26T00:44:24.957Z burst_stopped
2026-09-26T00:44:24.967Z location_fix 42.350381,-71.076300 ±5m
2026-09-26T00:44:25.972Z location_fix 42.350379,-71.076300 ±5m
2026-09-26T00:44:26.976Z location_fix 42.350381,-71.076300 ±5m
2026-09-26T00:44:27.981Z location_fix 42.350379,-71.076300 ±5m
2026-09-26T00:44:28.986Z location_fix 42.350381,-71.076300 ±5m
2026-09-26T00:44:29.984Z location_fix 42.350379,-71.076300 ±5m
2026-09-26T00:44:30.992Z motion walking high
2026-09-26T00:44:30.990Z motion_walking
2026-09-26T00:44:30.990Z park_fired motion_stop+motion_walking+location_settled
2026-09-26T00:44:30.995Z location_fix 42.350371,-71.076334 ±5m
2026-09-26T00:44:31.991Z location_fix 42.350361,-71.076369 ±5m
2026-09-26T00:44:32.997Z location_fix 42.350352,-71.076403 ±5m
2026-09-26T00:44:34.005Z location_fix 42.350343,-71.076437 ±5m
2026-09-26T00:44:35.014Z location_fix 42.350334,-71.076471 ±5m
2026-09-26T00:44:37.547Z location_fix 42.350324,-71.076506 ±5m
2026-09-26T00:44:38.551Z location_fix 42.350315,-71.076540 ±5m
2026-09-26T00:44:39.561Z location_fix 42.350306,-71.076574 ±5m
2026-09-26T00:44:40.572Z location_fix 42.350296,-71.076608 ±5m
2026-09-26T00:44:41.580Z location_fix 42.350287,-71.076643 ±5m
2026-09-26T00:44:42.590Z location_fix 42.350278,-71.076677 ±5m
2026-09-26T00:44:43.596Z location_fix 42.350268,-71.076711 ±5m
2026-09-26T00:44:44.606Z location_fix 42.350259,-71.076745 ±5m
2026-09-26T00:44:45.614Z location_fix 42.350250,-71.076780 ±5m
2026-09-26T00:44:46.623Z location_fix 42.350241,-71.076814 ±5m
2026-09-26T00:44:47.628Z location_fix 42.350231,-71.076848 ±5m
2026-09-26T00:44:48.640Z location_fix 42.350222,-71.076882 ±5m
2026-09-26T00:44:49.647Z location_fix 42.350213,-71.076917 ±5m
2026-09-26T00:44:50.658Z location_fix 42.350203,-71.076951 ±5m
2026-09-26T00:44:51.668Z location_fix 42.350194,-71.076985 ±5m
2026-09-26T00:44:52.679Z location_fix 42.350185,-71.077019 ±5m
2026-09-26T00:44:53.680Z location_fix 42.350175,-71.077054 ±5m
2026-09-26T00:44:54.678Z location_fix 42.350166,-71.077088 ±5m
2026-09-26T00:44:55.689Z location_fix 42.350157,-71.077122 ±5m
2026-09-26T00:44:56.691Z location_fix 42.350148,-71.077156 ±5m
2026-09-26T00:44:57.698Z location_fix 42.350138,-71.077191 ±5m
2026-09-26T00:44:58.709Z location_fix 42.350129,-71.077225 ±5m
2026-09-26T00:44:59.717Z location_fix 42.350120,-71.077259 ±5m
2026-09-26T00:45:00.723Z location_fix 42.350110,-71.077293 ±5m
2026-09-26T00:45:01.732Z location_fix 42.350101,-71.077328 ±5m
2026-09-26T00:45:02.743Z location_fix 42.350092,-71.077362 ±5m
2026-09-26T00:45:03.751Z location_fix 42.350082,-71.077396 ±5m
2026-09-26T00:45:04.761Z location_fix 42.350073,-71.077431 ±5m
2026-09-26T00:45:05.763Z location_fix 42.350064,-71.077465 ±5m
2026-09-26T00:45:06.773Z location_fix 42.350055,-71.077499 ±5m
2026-09-26T00:45:07.774Z location_fix 42.350045,-71.077533 ±5m
2026-09-26T00:45:08.784Z location_fix 42.350036,-71.077568 ±5m
2026-09-26T00:45:09.794Z location_fix 42.350027,-71.077602 ±5m
2026-09-26T00:45:10.807Z location_fix 42.350017,-71.077636 ±5m
2026-09-26T00:45:11.802Z location_fix 42.350008,-71.077670 ±5m
2026-09-26T00:45:12.806Z location_fix 42.349999,-71.077705 ±5m
2026-09-26T00:45:13.815Z location_fix 42.349989,-71.077739 ±5m
2026-09-26T00:45:14.821Z location_fix 42.349980,-71.077773 ±5m
2026-09-26T00:45:15.823Z location_fix 42.349971,-71.077807 ±5m
2026-09-26T00:45:16.824Z location_fix 42.349962,-71.077842 ±5m
2026-09-26T00:45:17.829Z location_fix 42.349952,-71.077876 ±5m
2026-09-26T00:45:18.840Z location_fix 42.349943,-71.077910 ±5m
2026-09-26T00:45:19.849Z location_fix 42.349934,-71.077944 ±5m
2026-09-26T00:45:20.850Z location_fix 42.349924,-71.077979 ±5m
2026-09-26T00:45:21.859Z location_fix 42.349915,-71.078013 ±5m
2026-09-26T00:45:22.861Z location_fix 42.349906,-71.078047 ±5m
2026-09-26T00:45:23.875Z location_fix 42.349896,-71.078081 ±5m
2026-09-26T00:45:24.886Z location_fix 42.349887,-71.078116 ±5m
2026-09-26T00:45:25.887Z location_fix 42.349878,-71.078150 ±5m
2026-09-26T00:45:26.896Z location_fix 42.349869,-71.078184 ±5m
2026-09-26T00:45:27.899Z location_fix 42.349859,-71.078218 ±5m
2026-09-26T00:45:28.911Z location_fix 42.349850,-71.078253 ±5m
2026-09-26T00:45:29.919Z location_fix 42.349841,-71.078287 ±5m
2026-09-26T00:45:30.923Z location_fix 42.349831,-71.078321 ±5m
2026-09-26T00:45:31.922Z motion walking high
2026-09-26T00:45:31.924Z location_fix 42.349822,-71.078355 ±5m
2026-09-26T00:45:32.932Z location_fix 42.349813,-71.078390 ±5m
2026-09-26T00:45:33.933Z location_fix 42.349803,-71.078424 ±5m
2026-09-26T00:45:34.936Z location_fix 42.349794,-71.078458 ±5m
2026-09-26T00:45:35.938Z location_fix 42.349785,-71.078492 ±5m
2026-09-26T00:45:36.943Z location_fix 42.349776,-71.078527 ±5m
2026-09-26T00:45:37.946Z location_fix 42.349766,-71.078561 ±5m
2026-09-26T00:45:38.951Z location_fix 42.349757,-71.078595 ±5m
2026-09-26T00:45:39.952Z location_fix 42.349748,-71.078630 ±5m
2026-09-26T00:45:40.959Z location_fix 42.349738,-71.078664 ±5m
2026-09-26T00:45:41.962Z location_fix 42.349729,-71.078698 ±5m
2026-09-26T00:45:42.965Z location_fix 42.349720,-71.078732 ±5m
2026-09-26T00:45:43.975Z location_fix 42.349711,-71.078767 ±5m
2026-09-26T00:45:44.989Z location_fix 42.349701,-71.078801 ±5m
2026-09-26T00:45:45.990Z location_fix 42.349692,-71.078835 ±5m
2026-09-26T00:45:46.995Z location_fix 42.349683,-71.078869 ±5m
2026-09-26T00:45:48.000Z location_fix 42.349673,-71.078904 ±5m
2026-09-26T00:45:49.003Z location_fix 42.349664,-71.078938 ±5m
2026-09-26T00:45:50.016Z location_fix 42.349655,-71.078972 ±5m
2026-09-26T00:45:51.020Z location_fix 42.349645,-71.079006 ±5m
2026-09-26T00:45:52.020Z location_fix 42.349636,-71.079041 ±5m
2026-09-26T00:45:53.027Z location_fix 42.349627,-71.079075 ±5m
2026-09-26T00:45:54.036Z location_fix 42.349618,-71.079109 ±5m
2026-09-26T00:45:55.044Z location_fix 42.349608,-71.079143 ±5m
2026-09-26T00:45:56.048Z location_fix 42.349599,-71.079178 ±5m
2026-09-26T00:45:57.049Z location_fix 42.349590,-71.079212 ±5m
2026-09-26T00:45:58.052Z location_fix 42.349580,-71.079246 ±5m
2026-09-26T00:45:59.057Z location_fix 42.349571,-71.079280 ±5m
2026-09-26T00:46:00.071Z location_fix 42.349562,-71.079315 ±5m
2026-09-26T00:46:01.081Z location_fix 42.349552,-71.079349 ±5m
2026-09-26T00:46:02.092Z location_fix 42.349543,-71.079383 ±5m
2026-09-26T00:46:03.091Z location_fix 42.349534,-71.079417 ±5m
2026-09-26T00:46:04.091Z location_fix 42.349525,-71.079452 ±5m
2026-09-26T00:46:05.097Z location_fix 42.349515,-71.079486 ±5m
2026-09-26T00:46:06.106Z location_fix 42.349506,-71.079520 ±5m
2026-09-26T00:46:07.108Z location_fix 42.349497,-71.079554 ±5m
2026-09-26T00:46:08.113Z location_fix 42.349487,-71.079589 ±5m
2026-09-26T00:46:09.115Z location_fix 42.349478,-71.079623 ±5m
2026-09-26T00:46:10.129Z location_fix 42.349469,-71.079657 ±5m
2026-09-26T00:46:11.130Z location_fix 42.349459,-71.079692 ±5m
2026-09-26T00:46:12.139Z location_fix 42.349450,-71.079726 ±5m
2026-09-26T00:46:13.138Z location_fix 42.349451,-71.079726 ±5m
2026-09-26T00:46:14.141Z location_fix 42.349449,-71.079726 ±5m
2026-09-26T00:46:15.154Z location_fix 42.349451,-71.079726 ±5m
2026-09-26T00:46:16.153Z motion stationary high
2026-09-26T00:46:16.155Z location_fix 42.349449,-71.079726 ±5m
2026-09-26T00:46:17.165Z location_fix 42.349451,-71.079726 ±5m
2026-09-26T00:46:18.169Z location_fix 42.349449,-71.079726 ±5m
2026-09-26T00:46:19.177Z location_fix 42.349451,-71.079726 ±5m
2026-09-26T00:46:20.177Z location_fix 42.349449,-71.079726 ±5m
2026-09-26T00:46:21.190Z location_fix 42.349451,-71.079726 ±5m
2026-09-26T00:46:22.199Z location_fix 42.349449,-71.079726 ±5m
2026-09-26T00:46:23.241Z motion walking high
2026-09-26T00:46:23.242Z location_fix 42.349459,-71.079692 ±5m
2026-09-26T00:46:24.261Z location_fix 42.349469,-71.079657 ±5m
2026-09-26T00:46:25.265Z location_fix 42.349478,-71.079623 ±5m
2026-09-26T00:46:26.266Z location_fix 42.349487,-71.079589 ±5m
2026-09-26T00:46:27.268Z location_fix 42.349497,-71.079554 ±5m
2026-09-26T00:46:28.275Z location_fix 42.349506,-71.079520 ±5m
2026-09-26T00:46:29.285Z location_fix 42.349515,-71.079486 ±5m
2026-09-26T00:46:30.286Z location_fix 42.349525,-71.079452 ±5m
2026-09-26T00:46:31.297Z location_fix 42.349534,-71.079417 ±5m
2026-09-26T00:46:32.308Z location_fix 42.349543,-71.079383 ±5m
2026-09-26T00:46:33.316Z location_fix 42.349552,-71.079349 ±5m
2026-09-26T00:46:34.326Z location_fix 42.349562,-71.079315 ±5m
2026-09-26T00:46:35.338Z location_fix 42.349571,-71.079280 ±5m
2026-09-26T00:46:36.345Z location_fix 42.349580,-71.079246 ±5m
2026-09-26T00:46:37.356Z location_fix 42.349590,-71.079212 ±5m
2026-09-26T00:46:38.366Z location_fix 42.349599,-71.079178 ±5m
2026-09-26T00:46:39.370Z location_fix 42.349608,-71.079143 ±5m
2026-09-26T00:46:40.380Z location_fix 42.349618,-71.079109 ±5m
2026-09-26T00:46:41.385Z location_fix 42.349627,-71.079075 ±5m
2026-09-26T00:46:42.387Z location_fix 42.349636,-71.079041 ±5m
2026-09-26T00:46:43.392Z location_fix 42.349645,-71.079006 ±5m
2026-09-26T00:46:44.399Z location_fix 42.349655,-71.078972 ±5m
2026-09-26T00:46:45.409Z location_fix 42.349664,-71.078938 ±5m
2026-09-26T00:46:46.419Z location_fix 42.349673,-71.078904 ±5m
2026-09-26T00:46:47.430Z location_fix 42.349683,-71.078869 ±5m
2026-09-26T00:46:48.429Z location_fix 42.349692,-71.078835 ±5m
2026-09-26T00:46:49.437Z location_fix 42.349701,-71.078801 ±5m
2026-09-26T00:46:50.441Z location_fix 42.349711,-71.078767 ±5m
2026-09-26T00:46:51.449Z location_fix 42.349720,-71.078732 ±5m
2026-09-26T00:46:52.455Z location_fix 42.349729,-71.078698 ±5m
2026-09-26T00:46:53.462Z location_fix 42.349738,-71.078664 ±5m
2026-09-26T00:46:54.466Z location_fix 42.349748,-71.078630 ±5m
2026-09-26T00:46:55.469Z location_fix 42.349757,-71.078595 ±5m
2026-09-26T00:46:56.477Z location_fix 42.349766,-71.078561 ±5m
2026-09-26T00:46:57.488Z location_fix 42.349776,-71.078527 ±5m
2026-09-26T00:46:58.493Z location_fix 42.349785,-71.078492 ±5m
2026-09-26T00:46:59.494Z location_fix 42.349794,-71.078458 ±5m
2026-09-26T00:47:00.500Z location_fix 42.349803,-71.078424 ±5m
2026-09-26T00:47:01.513Z location_fix 42.349813,-71.078390 ±5m
2026-09-26T00:47:02.521Z location_fix 42.349822,-71.078355 ±5m
2026-09-26T00:47:03.530Z location_fix 42.349831,-71.078321 ±5m
2026-09-26T00:47:04.532Z location_fix 42.349841,-71.078287 ±5m
2026-09-26T00:47:05.541Z location_fix 42.349850,-71.078253 ±5m
2026-09-26T00:47:06.547Z location_fix 42.349859,-71.078218 ±5m
2026-09-26T00:47:07.556Z location_fix 42.349869,-71.078184 ±5m
2026-09-26T00:47:08.558Z location_fix 42.349878,-71.078150 ±5m
2026-09-26T00:47:09.566Z location_fix 42.349887,-71.078116 ±5m
2026-09-26T00:47:10.566Z location_fix 42.349896,-71.078081 ±5m
2026-09-26T00:47:11.570Z location_fix 42.349906,-71.078047 ±5m
2026-09-26T00:47:12.574Z location_fix 42.349915,-71.078013 ±5m
2026-09-26T00:47:13.584Z location_fix 42.349924,-71.077979 ±5m
2026-09-26T00:47:14.591Z location_fix 42.349934,-71.077944 ±5m
2026-09-26T00:47:15.602Z location_fix 42.349943,-71.077910 ±5m
2026-09-26T00:47:16.611Z location_fix 42.349952,-71.077876 ±5m
2026-09-26T00:47:17.617Z location_fix 42.349962,-71.077842 ±5m
2026-09-26T00:47:18.619Z location_fix 42.349971,-71.077807 ±5m
2026-09-26T00:47:19.626Z location_fix 42.349980,-71.077773 ±5m
2026-09-26T00:47:20.635Z location_fix 42.349989,-71.077739 ±5m
2026-09-26T00:47:21.646Z location_fix 42.349999,-71.077705 ±5m
2026-09-26T00:47:22.646Z location_fix 42.350008,-71.077670 ±5m
2026-09-26T00:47:23.658Z motion walking high
2026-09-26T00:47:23.659Z location_fix 42.350017,-71.077636 ±5m
2026-09-26T00:47:24.663Z location_fix 42.350027,-71.077602 ±5m
2026-09-26T00:47:25.667Z location_fix 42.350036,-71.077568 ±5m
2026-09-26T00:47:26.670Z location_fix 42.350045,-71.077533 ±5m
2026-09-26T00:47:27.669Z location_fix 42.350055,-71.077499 ±5m
2026-09-26T00:47:28.678Z location_fix 42.350064,-71.077465 ±5m
2026-09-26T00:47:29.681Z location_fix 42.350073,-71.077431 ±5m
2026-09-26T00:47:30.685Z location_fix 42.350082,-71.077396 ±5m
2026-09-26T00:47:31.688Z location_fix 42.350092,-71.077362 ±5m
2026-09-26T00:47:32.694Z location_fix 42.350101,-71.077328 ±5m
2026-09-26T00:47:33.693Z location_fix 42.350110,-71.077293 ±5m
2026-09-26T00:47:34.703Z location_fix 42.350120,-71.077259 ±5m
2026-09-26T00:47:35.706Z location_fix 42.350129,-71.077225 ±5m
2026-09-26T00:47:36.719Z location_fix 42.350138,-71.077191 ±5m
2026-09-26T00:47:37.729Z location_fix 42.350148,-71.077156 ±5m
2026-09-26T00:47:38.732Z location_fix 42.350157,-71.077122 ±5m
2026-09-26T00:47:39.739Z location_fix 42.350166,-71.077088 ±5m
2026-09-26T00:47:40.749Z location_fix 42.350175,-71.077054 ±5m
2026-09-26T00:47:41.750Z location_fix 42.350185,-71.077019 ±5m
2026-09-26T00:47:42.763Z location_fix 42.350194,-71.076985 ±5m
2026-09-26T00:47:43.770Z location_fix 42.350203,-71.076951 ±5m
2026-09-26T00:47:44.774Z location_fix 42.350213,-71.076917 ±5m
2026-09-26T00:47:45.779Z location_fix 42.350222,-71.076882 ±5m
2026-09-26T00:47:46.790Z location_fix 42.350231,-71.076848 ±5m
2026-09-26T00:47:47.801Z location_fix 42.350241,-71.076814 ±5m
2026-09-26T00:47:48.812Z location_fix 42.350250,-71.076780 ±5m
2026-09-26T00:47:49.812Z location_fix 42.350259,-71.076745 ±5m
2026-09-26T00:47:50.816Z location_fix 42.350268,-71.076711 ±5m
2026-09-26T00:47:51.817Z location_fix 42.350278,-71.076677 ±5m
2026-09-26T00:47:52.825Z location_fix 42.350287,-71.076643 ±5m
2026-09-26T00:47:53.832Z location_fix 42.350296,-71.076608 ±5m
2026-09-26T00:47:54.843Z location_fix 42.350306,-71.076574 ±5m
2026-09-26T00:47:55.851Z location_fix 42.350315,-71.076540 ±5m
2026-09-26T00:47:56.867Z location_fix 42.350324,-71.076506 ±5m
2026-09-26T00:47:57.863Z location_fix 42.350334,-71.076471 ±5m
2026-09-26T00:47:58.870Z location_fix 42.350343,-71.076437 ±5m
2026-09-26T00:47:59.881Z location_fix 42.350352,-71.076403 ±5m
2026-09-26T00:48:00.885Z location_fix 42.350361,-71.076369 ±5m
2026-09-26T00:48:01.892Z location_fix 42.350371,-71.076334 ±5m
2026-09-26T00:48:02.892Z location_fix 42.350380,-71.076300 ±5m
2026-09-26T00:48:03.901Z location_fix 42.350381,-71.076300 ±5m
2026-09-26T00:48:04.911Z location_fix 42.350379,-71.076300 ±5m
2026-09-26T00:48:05.918Z location_fix 42.350381,-71.076300 ±5m
2026-09-26T00:48:06.926Z motion stationary high
2026-09-26T00:48:06.928Z location_fix 42.350379,-71.076300 ±5m
2026-09-26T00:48:07.938Z location_fix 42.350381,-71.076300 ±5m
2026-09-26T00:48:08.940Z location_fix 42.350379,-71.076300 ±5m
2026-09-26T00:48:09.941Z location_fix 42.350381,-71.076300 ±5m
2026-09-26T00:48:10.947Z location_fix 42.350379,-71.076300 ±5m
2026-09-26T00:48:11.955Z location_fix 42.350381,-71.076300 ±5m
2026-09-26T00:48:12.966Z location_fix 42.350379,-71.076300 ±5m
